[colab] Parsing notebook '/home/kurt/colab-runs/convnext-classification-pipeline-625fd1b-a53191/convnext_classification_colab_625fd1b_colab-cli-t4.ipynb'...
[colab] Executing cell 1/14 - Infrastructure: install the locked runtime into an isolated environment...
{'isolated_environment': '/content/dimer_isolated_env', 'isolated_python': '3.12.12', 'kernel_python': '3.13.15', 'locked_packages': 45, 'setup_seconds': 51}
[colab] Executing cell 2/14 - Infrastructure: route the remaining cells to the isolated environment...
Every later code cell now runs in /content/dimer_isolated_env/bin/python (pid 1185).
[colab] Executing cell 3/14 - Infrastructure: record the runtime...
{'notebook_source': {'repository': 'convnext-classification-pipeline', 'repository_revision': 'd31f2ee1c04071ae24b03c910d1c9122da048aa6', 'embedded_module': 'src/convnext_classification_pipeline/pipeline.py', 'embedded_modules': ['src/convnext_classification_pipeline/pipeline.py'], 'module_sha256': '537f5b94dd2285e06e2ebedfbdd8ca651aacc5666c76e33069db26f966e5d295', 'generator': 'build_notebook.py/2.1', 'notebook_spec': '2.2'}, 'python': '3.12.12', 'torch': '2.14.0+cu130', 'timm': '1.0.29', 'cuda': True}
[colab] Executing cell 4/14 - Infrastructure: carried module `src/convnext_classification_pipeline/pipeline.py` (you may run it without reading it)...
[colab] Executing cell 5/14 - Infrastructure: pin, stage and verify the model (you may run it without reading it)...
{'model_id': 'timm/convnext_tiny.in12k_ft_in1k', 'revision': 'aa096f03029c7f0ec052013f64c819b34f8ad790', 'license': 'apache-2.0', 'files': 3, 'total_bytes': 114390940}
{'weights_dir': '/content/weights/convnext-tiny-in12k', 'fetched': ['README.md', 'config.json', 'model.safetensors']}
{'verified_files': 3, 'revision': 'aa096f03029c7f0ec052013f64c819b34f8ad790'}
{'device': 'cuda:0', 'source': 'local-snapshot'}
[colab] Executing cell 6/14 - convnext_classification-13...
{'sample_kind': 'synthetic', 'name': 'synthetic_gradient_256.png', 'mode': 'RGB', 'size': (256, 256), 'rgb_sha256': 'e38db00bd95756e739b8d2f6a69de029b011193c1e6a2a589aa546c4631adbdf', 'ground_truth_index': None}
<isolated cell 4>:37: DeprecationWarning: 'mode' parameter is deprecated and will be removed in Pillow 13 (2026-10-15)
  image = Image.fromarray(array, mode='RGB')
[colab] Executing cell 7/14 - convnext_classification-15...
{'ceilings': {'NUM_CLASSES': 1000, 'MAX_IMAGE_SIDE': 4096, 'MAX_BATCH': 64}}
{
  "schema": {
    "input": "PIL.Image.Image or a sequence of them; any mode, converted to RGB",
    "image_side_px": [
      1,
      4096
    ],
    "batch": [
      1,
      64
    ],
    "top_k": [
      1,
      1000
    ],
    "preprocessing": "resize to 235 px, center-crop 224x224 (crop_pct 0.95, bicubic), ImageNet normalisation"
  },
  "inputs": [
    {
      "id": "synthetic_gradient_256.png",
      "mode": "RGB",
      "size": [
        256,
        256
      ]
    }
  ],
  "top_k": 5,
  "verdict": "accepted",
  "findings": [
    {
      "input": "oversized-probe",
      "verdict": "rejected",
      "message": "image side outside 1..MAX_IMAGE_SIDE=4096 px: (4097, 8)"
    }
  ],
  "model_id": "timm/convnext_tiny.in12k_ft_in1k",
  "model_revision": "aa096f03029c7f0ec052013f64c819b34f8ad790"
}
[colab] Executing cell 8/14 - convnext_classification-17...
{'decision_rule': 'argmax', 'predicted_index': 409, 'predicted_label': 'analog clock', 'device': 'cuda:0', 'source': 'local-snapshot'}
 1. index  409  score 0.0723  analog clock
 2. index  782  score 0.0602  screen, CRT screen
 3. index  527  score 0.0336  desktop computer
 4. index  818  score 0.0326  spotlight, spot
 5. index  604  score 0.0240  hourglass
[colab] Executing cell 9/14 - convnext_classification-19...
{
  "task": "imagenet-1k single-label classification",
  "decision_rule": "argmax",
  "sample_kind": "synthetic",
  "n_predictions": 1,
  "baselines": [],
  "model_id": "timm/convnext_tiny.in12k_ft_in1k",
  "model_revision": "aa096f03029c7f0ec052013f64c819b34f8ad790",
  "metrics": [],
  "verdict": "not-measurable",
  "reason": "no ground-truth class index was supplied for the evaluated images",
  "needs": "labelled photographs with ImageNet-1k class indices (0-999), e.g. a held-out sample of your own data, scored with top_k_accuracy against the majority-class baseline of that sample"
}
No ground-truth class index was supplied, so top_k_accuracy is not computed; the prediction above is sanity evidence only.
[colab] Executing cell 10/14 - convnext_classification-21...
{'dataset': 'tutorial dataset', 'source': 'Cleanlab/cifar-10-subset @ bb5a7aab (MIT)', 'sha256': '66f90a4f87d865e8eb653b62f10e754684075a32314177de76832349d4b1fb19', 'layout': 'class folders, seeded pair-grouped split', 'image_size_px': [32, 32]}
class                            train  held out
frog                                80        20
truck                               80        20
{'train_images': 160, 'held_out_images': 40, 'held_out_sharing_a_file_name_with_train': 0, 'skipped_files': []}
[colab] Executing cell 11/14 - convnext_classification-23...
{'method': 'head-only fine-tuning', 'trainable_parameters': 1538, 'frozen_parameters': 27820128, 'epochs': 1, 'batch_size': 4, 'learning_rate': 0.0001, 'weight_decay': 0.01, 'seed': 20260910}
{'fine_tuning': 'complete', 'method': 'head-only fine-tuning', 'device': 'cuda:0', 'classes': ['frog', 'truck'], 'train_samples': 160, 'val_samples': 40}
{'epoch': 1, 'train_loss': 0.4082, 'val_loss': 0.2318, 'val_accuracy': 0.925}
[colab] Executing cell 12/14 - convnext_classification-25...
{'fresh_boundary_source': 'fine-tuned-artifact', 'images': 40, 'label_agreement': 40, 'max_score_difference': 0.0, 'tolerance': 0.0001, 'equivalent': True}
Held-out images: 40 (tutorial dataset) - a tutorial metric, not a benchmark
Accuracy:        37/40 = 92.5%   95% Wilson interval 80.1% to 97.4%
Majority-class baseline: 50.0% (always answering 'frog')
Verdict: sample-sanity; comparison to baseline: above-baseline
  frog                            19/20 correct
  truck                           18/20 correct
{'misclassified': [{'id': 'CIFAR-10-subset/original_images/frog/image_9.png', 'true_label': 'frog', 'predicted_label': 'truck', 'score': 0.6415221095085144}, {'id': 'CIFAR-10-subset/original_images/truck/image_13.png', 'true_label': 'truck', 'predicted_label': 'frog', 'score': 0.7133411169052124}, {'id': 'CIFAR-10-subset/darkened_images/truck/image_13.png', 'true_label': 'truck', 'predicted_label': 'frog', 'score': 0.7133411169052124}]}
[colab] Executing cell 13/14 - convnext_classification-27...
{'outputs': ['convnext_classification_evaluation_report.json', 'convnext_classification_finetuned', 'convnext_classification_finetuned_evaluation_report.json', 'convnext_classification_input_manifest.json', 'convnext_classification_result.json', 'convnext_classification_top_k.csv', 'convnext_classification_validation_predictions.csv'], 'finetuned': ['model-config.json', 'model.safetensors']}
['outputs/convnext_classification_finetuned/model.safetensors', 'outputs/convnext_classification_finetuned/model-config.json', 'outputs/convnext_classification_validation_predictions.csv', 'outputs/convnext_classification_finetuned_evaluation_report.json']
[colab] Executing cell 14/14 - convnext_classification-29...
method | trainable_parameters | epochs | learning_rate | split_seed | final_val_loss | correct | n | wilson_95 | comparison_to_baseline
head-only fine-tuning | 1538 | 1 | 0.0001 | 42 | 0.2318 | 37 | 40 | [0.801, 0.974] | above-baseline
One run so far. Set TRAINABLE = 'all' in Section 9, select that cell and choose Runtime > Run after; this table then shows both runs.
[colab] Saving notebook with outputs to '/home/kurt/colab-runs/convnext-classification-pipeline-625fd1b-a53191/convnext_classification_colab_625fd1b_colab-cli-t4_output.ipynb'...
